// Jest Snapshot v1, https://goo.gl/fbAQLP

exports[`KitLookSummary should match with the snapshot 1`] = `null`;
