// Jest Snapshot v1, https://goo.gl/fbAQLP

exports[`ModalWelcomePrime should match to snapshot 1`] = `
<Modal
  accessibilityLabel="com.usereserva:id/modal_welcome_prime"
  animationType="none"
  deviceHeight={null}
  deviceWidth={null}
  hardwareAccelerated={false}
  hideModalContentWhileAnimating={false}
  onBackdropPress={[MockFunction]}
  onModalHide={[Function]}
  onModalWillHide={[Function]}
  onModalWillShow={[Function]}
  onRequestClose={[Function]}
  panResponderThreshold={4}
  scrollHorizontal={false}
  scrollOffset={0}
  scrollOffsetMax={0}
  scrollTo={null}
  supportedOrientations={
    Array [
      "portrait",
      "landscape",
    ]
  }
  swipeThreshold={100}
  testID="com.usereserva:id/modal_welcome_prime"
  transparent={true}
  visible={true}
>
  <View
    accessible={true}
    focusable={true}
    forwardedRef={[Function]}
    onClick={[Function]}
    onResponderGrant={[Function]}
    onResponderMove={[Function]}
    onResponderRelease={[Function]}
    onResponderTerminate={[Function]}
    onResponderTerminationRequest={[Function]}
    onStartShouldSetResponder={[Function]}
    style={
      Object {
        "backgroundColor": "black",
        "bottom": 0,
        "height": 1334,
        "left": 0,
        "opacity": 0,
        "position": "absolute",
        "right": 0,
        "top": 0,
        "width": 750,
      }
    }
  />
  <View
    accessibilityLabel="com.usereserva:id/modal_welcome_prime"
    deviceHeight={null}
    deviceWidth={null}
    forwardedRef={[Function]}
    hideModalContentWhileAnimating={false}
    onBackdropPress={[MockFunction]}
    onModalHide={[Function]}
    onModalWillHide={[Function]}
    onModalWillShow={[Function]}
    panResponderThreshold={4}
    pointerEvents="box-none"
    scrollHorizontal={false}
    scrollOffset={0}
    scrollOffsetMax={0}
    scrollTo={null}
    style={
      Object {
        "alignItems": "center",
        "flex": 1,
        "justifyContent": "center",
        "margin": 37.5,
        "opacity": 0,
        "transform": Array [
          Object {
            "translateY": 0,
          },
        ],
      }
    }
    supportedOrientations={
      Array [
        "portrait",
        "landscape",
      ]
    }
    swipeThreshold={100}
  >
    <View
      accessibilityLabel="com.usereserva:id/modal_sign_in_container"
      style={
        Object {
          "backgroundColor": "#ffffff",
          "padding": 32,
          "width": 726,
        }
      }
      testID="com.usereserva:id/modal_sign_in_container"
    >
      <Text
        accessibilityLabel="com.usereserva:id/title"
        style={
          Object {
            "color": "#000000",
            "fontFamily": "ReservaDisplay-Regular",
            "fontSize": 26,
            "marginBottom": 24,
          }
        }
        testID="com.usereserva:id/title"
      >
        Prime
      </Text>
      <View>
        <Text
          style={
            Object {
              "color": "#767676",
              "fontFamily": "ReservaSans-Regular",
              "fontSize": 16,
              "lineHeight": 20,
            }
          }
        >
          Agora você é um cliente
           
          <Text
            style={
              Object {
                "color": "#000000",
                "fontFamily": "ReservaDisplay-Regular",
                "fontSize": 16,
                "lineHeight": 20,
              }
            }
          >
            Prime
          </Text>
          , para facilitar na sua compra já adicionamos ao seu carrinho a assinatura, ela será concluída junto ao seu pedido, mas lembre-se, ela só será válida para compras acima de
           
          <Text
            style={
              Object {
                "color": "#000000",
                "fontFamily": "ReservaSans-Bold",
                "fontSize": 16,
                "lineHeight": 20,
              }
            }
          >
            R$
             
            499
          </Text>
        </Text>
      </View>
      <RCTScrollView
        showsVerticalScrollIndicator={false}
      >
        <View>
          <View
            alignItems="stretch"
            style={
              Array [
                Object {
                  "alignItems": "stretch",
                },
              ]
            }
          >
            <View
              accessible={true}
              focusable={true}
              onClick={[Function]}
              onResponderGrant={[Function]}
              onResponderMove={[Function]}
              onResponderRelease={[Function]}
              onResponderTerminate={[Function]}
              onResponderTerminationRequest={[Function]}
              onStartShouldSetResponder={[Function]}
              style={
                Object {
                  "alignItems": "center",
                  "backgroundColor": "#333333",
                  "color": "#FFF",
                  "fontFamily": "Nunito-Bold",
                  "fontSize": 13,
                  "justifyContent": "center",
                  "marginTop": 24,
                  "minWidth": 130,
                  "opacity": 1,
                  "paddingBottom": 16,
                  "paddingLeft": 8,
                  "paddingRight": 8,
                  "paddingTop": 16,
                }
              }
              testID="com.usereserva:id/modal_welcome_prime_continue"
            >
              <View
                alignItems="center"
                flexDirection="row"
                justifyContent="center"
                style={
                  Array [
                    Object {
                      "alignItems": "center",
                      "flexDirection": "row",
                      "justifyContent": "center",
                    },
                  ]
                }
              >
                <View
                  justifyContent="center"
                  style={
                    Array [
                      Object {
                        "justifyContent": "center",
                      },
                    ]
                  }
                >
                  <Text
                    color="white"
                    fontFamily="nunitoBold"
                    fontSize={13}
                    letterSpacing={1.6}
                    style={
                      Array [
                        Object {
                          "color": "#FFF",
                          "fontFamily": "Nunito-Bold",
                          "fontSize": 13,
                          "letterSpacing": 1.6,
                        },
                      ]
                    }
                  >
                    CONTINUAR COMPRANDO
                  </Text>
                </View>
              </View>
            </View>
          </View>
        </View>
      </RCTScrollView>
    </View>
  </View>
</Modal>
`;
