// Jest Snapshot v1, https://goo.gl/fbAQLP

exports[`HomeShowcase snapshot 1`] = `
<View
  style={
    {
      "marginVertical": 10,
    }
  }
>
  <RCTScrollView
    data={
      [
        {
          "products": [
            {
              "brand": "RESERVA",
              "categoryTree": [
                "Camisas",
              ],
              "flags": [
                {
                  "type": "savings",
                  "value": 20,
                },
                {
                  "type": "cashback",
                  "value": 15,
                },
              ],
              "image": "https://lojausereserva.vtexassets.com/arquivos/ids/8409628-400-600",
              "prices": {
                "listPrice": 600.9,
                "salePrice": 400.5,
              },
              "productId": "1",
              "productLink": "https://usereserva.com/camisa/p",
              "productName": "Camisa Polo Reserva Linho Braco",
              "sku": [
                {
                  "colorHex": "#FFF",
                  "colorName": "BRANCO",
                  "colorRefId": "5678",
                  "sizes": [
                    {
                      "disabled": false,
                      "skuId": "5678",
                      "value": "P",
                    },
                  ],
                },
              ],
            },
            {
              "brand": "RESERVA",
              "categoryTree": [
                "Camisas",
              ],
              "flags": [
                {
                  "type": "savings",
                  "value": 20,
                },
                {
                  "type": "cashback",
                  "value": 15,
                },
              ],
              "image": "https://lojausereserva.vtexassets.com/arquivos/ids/8409628-400-600",
              "prices": {
                "listPrice": 600.9,
                "salePrice": 400.5,
              },
              "productId": "1",
              "productLink": "https://usereserva.com/camisa/p",
              "productName": "Camisa Polo Reserva Linho Braco",
              "sku": [
                {
                  "colorHex": "#FFF",
                  "colorName": "BRANCO",
                  "colorRefId": "5678",
                  "sizes": [
                    {
                      "disabled": false,
                      "skuId": "5678",
                      "value": "P",
                    },
                  ],
                },
              ],
            },
            {
              "brand": "RESERVA",
              "categoryTree": [
                "Camisas",
              ],
              "flags": [
                {
                  "type": "savings",
                  "value": 20,
                },
              ],
              "image": "https://lojausereserva.vtexassets.com/arquivos/ids/8409628-400-600",
              "prices": {
                "listPrice": 600.9,
                "salePrice": 400.5,
              },
              "productId": "1",
              "productLink": "https://usereserva.com/camisa/p",
              "productName": "Camisa Polo Reserva Linho Braco",
              "sku": [
                {
                  "colorHex": "#FFF",
                  "colorName": "BRANCO",
                  "colorRefId": "5678",
                  "sizes": [
                    {
                      "disabled": false,
                      "skuId": "5678",
                      "value": "P",
                    },
                  ],
                },
              ],
            },
            {
              "brand": "RESERVA",
              "categoryTree": [
                "Camisas",
              ],
              "flags": [],
              "image": "https://lojausereserva.vtexassets.com/arquivos/ids/8409628-400-600",
              "prices": {
                "listPrice": 600.9,
                "salePrice": 0,
              },
              "productId": "1",
              "productLink": "https://usereserva.com/camisa/p",
              "productName": "Camisa Polo Reserva Linho Braco",
              "sku": [
                {
                  "colorHex": "#FFF",
                  "colorName": "BRANCO",
                  "colorRefId": "5678",
                  "sizes": [
                    {
                      "disabled": false,
                      "skuId": "5678",
                      "value": "P",
                    },
                  ],
                },
              ],
            },
          ],
          "shelfName": "Vitrine de teste da SmartHint estou testanto o tamanho dela",
        },
      ]
    }
    getItem={[Function]}
    getItemCount={[Function]}
    keyExtractor={[Function]}
    onContentSizeChange={[Function]}
    onLayout={[Function]}
    onMomentumScrollBegin={[Function]}
    onMomentumScrollEnd={[Function]}
    onScroll={[Function]}
    onScrollBeginDrag={[Function]}
    onScrollEndDrag={[Function]}
    removeClippedSubviews={false}
    renderItem={[Function]}
    scrollEventThrottle={50}
    stickyHeaderIndices={[]}
    viewabilityConfigCallbackPairs={[]}
  >
    <View>
      <View
        onFocusCapture={[Function]}
        onLayout={[Function]}
        style={null}
      >
        <View
          style={
            {
              "marginTop": 10,
            }
          }
        >
          <View
            style={
              {
                "alignItems": "center",
                "justifyContent": "center",
              }
            }
          >
            <Text
              style={
                {
                  "fontFamily": "ReservaDisplay-Regular",
                  "fontSize": 24,
                  "letterSpacing": 0,
                  "lineHeight": 23,
                }
              }
            >
              Vitrine de teste da SmartHint estou testanto o tamanho dela
            </Text>
          </View>
          <RCTScrollView
            data={
              [
                {
                  "brand": "RESERVA",
                  "categoryTree": [
                    "Camisas",
                  ],
                  "flags": [
                    {
                      "type": "savings",
                      "value": 20,
                    },
                    {
                      "type": "cashback",
                      "value": 15,
                    },
                  ],
                  "image": "https://lojausereserva.vtexassets.com/arquivos/ids/8409628-400-600",
                  "prices": {
                    "listPrice": 600.9,
                    "salePrice": 400.5,
                  },
                  "productId": "1",
                  "productLink": "https://usereserva.com/camisa/p",
                  "productName": "Camisa Polo Reserva Linho Braco",
                  "sku": [
                    {
                      "colorHex": "#FFF",
                      "colorName": "BRANCO",
                      "colorRefId": "5678",
                      "sizes": [
                        {
                          "disabled": false,
                          "skuId": "5678",
                          "value": "P",
                        },
                      ],
                    },
                  ],
                },
                {
                  "brand": "RESERVA",
                  "categoryTree": [
                    "Camisas",
                  ],
                  "flags": [
                    {
                      "type": "savings",
                      "value": 20,
                    },
                    {
                      "type": "cashback",
                      "value": 15,
                    },
                  ],
                  "image": "https://lojausereserva.vtexassets.com/arquivos/ids/8409628-400-600",
                  "prices": {
                    "listPrice": 600.9,
                    "salePrice": 400.5,
                  },
                  "productId": "1",
                  "productLink": "https://usereserva.com/camisa/p",
                  "productName": "Camisa Polo Reserva Linho Braco",
                  "sku": [
                    {
                      "colorHex": "#FFF",
                      "colorName": "BRANCO",
                      "colorRefId": "5678",
                      "sizes": [
                        {
                          "disabled": false,
                          "skuId": "5678",
                          "value": "P",
                        },
                      ],
                    },
                  ],
                },
                {
                  "brand": "RESERVA",
                  "categoryTree": [
                    "Camisas",
                  ],
                  "flags": [
                    {
                      "type": "savings",
                      "value": 20,
                    },
                  ],
                  "image": "https://lojausereserva.vtexassets.com/arquivos/ids/8409628-400-600",
                  "prices": {
                    "listPrice": 600.9,
                    "salePrice": 400.5,
                  },
                  "productId": "1",
                  "productLink": "https://usereserva.com/camisa/p",
                  "productName": "Camisa Polo Reserva Linho Braco",
                  "sku": [
                    {
                      "colorHex": "#FFF",
                      "colorName": "BRANCO",
                      "colorRefId": "5678",
                      "sizes": [
                        {
                          "disabled": false,
                          "skuId": "5678",
                          "value": "P",
                        },
                      ],
                    },
                  ],
                },
                {
                  "brand": "RESERVA",
                  "categoryTree": [
                    "Camisas",
                  ],
                  "flags": [],
                  "image": "https://lojausereserva.vtexassets.com/arquivos/ids/8409628-400-600",
                  "prices": {
                    "listPrice": 600.9,
                    "salePrice": 0,
                  },
                  "productId": "1",
                  "productLink": "https://usereserva.com/camisa/p",
                  "productName": "Camisa Polo Reserva Linho Braco",
                  "sku": [
                    {
                      "colorHex": "#FFF",
                      "colorName": "BRANCO",
                      "colorRefId": "5678",
                      "sizes": [
                        {
                          "disabled": false,
                          "skuId": "5678",
                          "value": "P",
                        },
                      ],
                    },
                  ],
                },
              ]
            }
            getItem={[Function]}
            getItemCount={[Function]}
            horizontal={true}
            keyExtractor={[Function]}
            onContentSizeChange={[Function]}
            onLayout={[Function]}
            onMomentumScrollBegin={[Function]}
            onMomentumScrollEnd={[Function]}
            onScroll={[Function]}
            onScrollBeginDrag={[Function]}
            onScrollEndDrag={[Function]}
            removeClippedSubviews={false}
            renderItem={[Function]}
            scrollEventThrottle={50}
            showsHorizontalScrollIndicator={false}
            stickyHeaderIndices={[]}
            viewabilityConfigCallbackPairs={[]}
          >
            <View>
              <View
                onFocusCapture={[Function]}
                onLayout={[Function]}
                style={
                  [
                    {
                      "flexDirection": "row",
                    },
                    null,
                  ]
                }
              >
                <View
                  accessibilityState={
                    {
                      "busy": undefined,
                      "checked": undefined,
                      "disabled": undefined,
                      "expanded": undefined,
                      "selected": undefined,
                    }
                  }
                  accessibilityValue={
                    {
                      "max": undefined,
                      "min": undefined,
                      "now": undefined,
                      "text": undefined,
                    }
                  }
                  accessible={true}
                  collapsable={false}
                  focusable={true}
                  onClick={[Function]}
                  onResponderGrant={[Function]}
                  onResponderMove={[Function]}
                  onResponderRelease={[Function]}
                  onResponderTerminate={[Function]}
                  onResponderTerminationRequest={[Function]}
                  onStartShouldSetResponder={[Function]}
                  style={
                    {
                      "borderRadius": 10,
                      "opacity": 1,
                      "paddingHorizontal": 5,
                      "paddingVertical": 10,
                    }
                  }
                >
                  <Image
                    source={
                      {
                        "uri": "https://lojausereserva.vtexassets.com/arquivos/ids/8409628-400-600",
                      }
                    }
                    style={
                      {
                        "borderRadius": 10,
                        "height": 270,
                        "width": 165,
                      }
                    }
                  />
                  <Text
                    style={
                      {
                        "fontFamily": "ReservaSans-Bold",
                        "fontSize": 15,
                        "lineHeight": 20,
                      }
                    }
                  >
                    Camisa Polo Reserva Li..
                  </Text>
                  <View
                    style={
                      {
                        "alignItems": "center",
                        "flexDirection": "row",
                      }
                    }
                  >
                    <Text
                      style={
                        {
                          "fontFamily": "ReservaSans-Bold",
                          "fontSize": 17,
                          "lineHeight": 23,
                        }
                      }
                    >
                      R$ 400
                    </Text>
                    <Text
                      style={
                        {
                          "fontFamily": "ReservaSans-Bold",
                          "fontSize": 11,
                          "marginTop": -4,
                        }
                      }
                    >
                      ,50
                    </Text>
                    <Text
                      style={
                        {
                          "color": "#8D8D8D",
                          "fontFamily": "Nunito-Regular",
                          "fontSize": 17,
                          "lineHeight": 23,
                          "marginLeft": 10,
                          "textDecorationLine": "line-through",
                        }
                      }
                    >
                      600
                    </Text>
                    <Text
                      style={
                        {
                          "color": "#8D8D8D",
                          "fontFamily": "Nunito-Regular",
                          "fontSize": 11,
                          "lineHeight": 17,
                        }
                      }
                    >
                      ,90
                    </Text>
                  </View>
                  <View
                    style={
                      {
                        "alignItems": "center",
                        "backgroundColor": "#000000",
                        "borderRadius": 30,
                        "flexDirection": "row",
                        "height": 30,
                        "justifyContent": "center",
                        "left": 20,
                        "position": "absolute",
                        "top": 240,
                        "width": 71,
                      }
                    }
                  >
                    <Text
                      style={
                        {
                          "color": "#ffffff",
                          "fontFamily": "WorkSans-BoldItalic",
                          "fontSize": 13,
                          "lineHeight": 15,
                        }
                      }
                    >
                      20%
                    </Text>
                    <Text
                      style={
                        {
                          "color": "#ffffff",
                          "fontFamily": "WorkSans-Italic",
                          "fontSize": 13,
                          "letterSpacing": -1.5,
                          "lineHeight": 15,
                          "marginLeft": 5,
                        }
                      }
                    >
                      OFF
                    </Text>
                  </View>
                  <View
                    style={
                      {
                        "alignItems": "center",
                        "backgroundColor": "#F2F2F2",
                        "borderRadius": 30,
                        "flexDirection": "row",
                        "height": 15,
                        "justifyContent": "center",
                        "width": 165,
                      }
                    }
                  >
                    <Text
                      style={
                        {
                          "color": "#000000",
                          "fontFamily": "WorkSans-Bold",
                          "fontSize": 12,
                          "lineHeight": 15,
                        }
                      }
                    >
                      Ganhe 15%
                    </Text>
                    <Text
                      style={
                        {
                          "color": "#000000",
                          "fontFamily": "WorkSans-Regular",
                          "fontSize": 12,
                          "lineHeight": 15,
                        }
                      }
                    >
                       de cashback
                    </Text>
                  </View>
                </View>
              </View>
              <View
                onFocusCapture={[Function]}
                onLayout={[Function]}
                style={
                  [
                    {
                      "flexDirection": "row",
                    },
                    null,
                  ]
                }
              >
                <View
                  accessibilityState={
                    {
                      "busy": undefined,
                      "checked": undefined,
                      "disabled": undefined,
                      "expanded": undefined,
                      "selected": undefined,
                    }
                  }
                  accessibilityValue={
                    {
                      "max": undefined,
                      "min": undefined,
                      "now": undefined,
                      "text": undefined,
                    }
                  }
                  accessible={true}
                  collapsable={false}
                  focusable={true}
                  onClick={[Function]}
                  onResponderGrant={[Function]}
                  onResponderMove={[Function]}
                  onResponderRelease={[Function]}
                  onResponderTerminate={[Function]}
                  onResponderTerminationRequest={[Function]}
                  onStartShouldSetResponder={[Function]}
                  style={
                    {
                      "borderRadius": 10,
                      "opacity": 1,
                      "paddingHorizontal": 5,
                      "paddingVertical": 10,
                    }
                  }
                >
                  <Image
                    source={
                      {
                        "uri": "https://lojausereserva.vtexassets.com/arquivos/ids/8409628-400-600",
                      }
                    }
                    style={
                      {
                        "borderRadius": 10,
                        "height": 270,
                        "width": 165,
                      }
                    }
                  />
                  <Text
                    style={
                      {
                        "fontFamily": "ReservaSans-Bold",
                        "fontSize": 15,
                        "lineHeight": 20,
                      }
                    }
                  >
                    Camisa Polo Reserva Li..
                  </Text>
                  <View
                    style={
                      {
                        "alignItems": "center",
                        "flexDirection": "row",
                      }
                    }
                  >
                    <Text
                      style={
                        {
                          "fontFamily": "ReservaSans-Bold",
                          "fontSize": 17,
                          "lineHeight": 23,
                        }
                      }
                    >
                      R$ 400
                    </Text>
                    <Text
                      style={
                        {
                          "fontFamily": "ReservaSans-Bold",
                          "fontSize": 11,
                          "marginTop": -4,
                        }
                      }
                    >
                      ,50
                    </Text>
                    <Text
                      style={
                        {
                          "color": "#8D8D8D",
                          "fontFamily": "Nunito-Regular",
                          "fontSize": 17,
                          "lineHeight": 23,
                          "marginLeft": 10,
                          "textDecorationLine": "line-through",
                        }
                      }
                    >
                      600
                    </Text>
                    <Text
                      style={
                        {
                          "color": "#8D8D8D",
                          "fontFamily": "Nunito-Regular",
                          "fontSize": 11,
                          "lineHeight": 17,
                        }
                      }
                    >
                      ,90
                    </Text>
                  </View>
                  <View
                    style={
                      {
                        "alignItems": "center",
                        "backgroundColor": "#000000",
                        "borderRadius": 30,
                        "flexDirection": "row",
                        "height": 30,
                        "justifyContent": "center",
                        "left": 20,
                        "position": "absolute",
                        "top": 240,
                        "width": 71,
                      }
                    }
                  >
                    <Text
                      style={
                        {
                          "color": "#ffffff",
                          "fontFamily": "WorkSans-BoldItalic",
                          "fontSize": 13,
                          "lineHeight": 15,
                        }
                      }
                    >
                      20%
                    </Text>
                    <Text
                      style={
                        {
                          "color": "#ffffff",
                          "fontFamily": "WorkSans-Italic",
                          "fontSize": 13,
                          "letterSpacing": -1.5,
                          "lineHeight": 15,
                          "marginLeft": 5,
                        }
                      }
                    >
                      OFF
                    </Text>
                  </View>
                  <View
                    style={
                      {
                        "alignItems": "center",
                        "backgroundColor": "#F2F2F2",
                        "borderRadius": 30,
                        "flexDirection": "row",
                        "height": 15,
                        "justifyContent": "center",
                        "width": 165,
                      }
                    }
                  >
                    <Text
                      style={
                        {
                          "color": "#000000",
                          "fontFamily": "WorkSans-Bold",
                          "fontSize": 12,
                          "lineHeight": 15,
                        }
                      }
                    >
                      Ganhe 15%
                    </Text>
                    <Text
                      style={
                        {
                          "color": "#000000",
                          "fontFamily": "WorkSans-Regular",
                          "fontSize": 12,
                          "lineHeight": 15,
                        }
                      }
                    >
                       de cashback
                    </Text>
                  </View>
                </View>
              </View>
              <View
                onFocusCapture={[Function]}
                onLayout={[Function]}
                style={
                  [
                    {
                      "flexDirection": "row",
                    },
                    null,
                  ]
                }
              >
                <View
                  accessibilityState={
                    {
                      "busy": undefined,
                      "checked": undefined,
                      "disabled": undefined,
                      "expanded": undefined,
                      "selected": undefined,
                    }
                  }
                  accessibilityValue={
                    {
                      "max": undefined,
                      "min": undefined,
                      "now": undefined,
                      "text": undefined,
                    }
                  }
                  accessible={true}
                  collapsable={false}
                  focusable={true}
                  onClick={[Function]}
                  onResponderGrant={[Function]}
                  onResponderMove={[Function]}
                  onResponderRelease={[Function]}
                  onResponderTerminate={[Function]}
                  onResponderTerminationRequest={[Function]}
                  onStartShouldSetResponder={[Function]}
                  style={
                    {
                      "borderRadius": 10,
                      "opacity": 1,
                      "paddingHorizontal": 5,
                      "paddingVertical": 10,
                    }
                  }
                >
                  <Image
                    source={
                      {
                        "uri": "https://lojausereserva.vtexassets.com/arquivos/ids/8409628-400-600",
                      }
                    }
                    style={
                      {
                        "borderRadius": 10,
                        "height": 270,
                        "width": 165,
                      }
                    }
                  />
                  <Text
                    style={
                      {
                        "fontFamily": "ReservaSans-Bold",
                        "fontSize": 15,
                        "lineHeight": 20,
                      }
                    }
                  >
                    Camisa Polo Reserva Li..
                  </Text>
                  <View
                    style={
                      {
                        "alignItems": "center",
                        "flexDirection": "row",
                      }
                    }
                  >
                    <Text
                      style={
                        {
                          "fontFamily": "ReservaSans-Bold",
                          "fontSize": 17,
                          "lineHeight": 23,
                        }
                      }
                    >
                      R$ 400
                    </Text>
                    <Text
                      style={
                        {
                          "fontFamily": "ReservaSans-Bold",
                          "fontSize": 11,
                          "marginTop": -4,
                        }
                      }
                    >
                      ,50
                    </Text>
                    <Text
                      style={
                        {
                          "color": "#8D8D8D",
                          "fontFamily": "Nunito-Regular",
                          "fontSize": 17,
                          "lineHeight": 23,
                          "marginLeft": 10,
                          "textDecorationLine": "line-through",
                        }
                      }
                    >
                      600
                    </Text>
                    <Text
                      style={
                        {
                          "color": "#8D8D8D",
                          "fontFamily": "Nunito-Regular",
                          "fontSize": 11,
                          "lineHeight": 17,
                        }
                      }
                    >
                      ,90
                    </Text>
                  </View>
                  <View
                    style={
                      {
                        "alignItems": "center",
                        "backgroundColor": "#000000",
                        "borderRadius": 30,
                        "flexDirection": "row",
                        "height": 30,
                        "justifyContent": "center",
                        "left": 20,
                        "position": "absolute",
                        "top": 240,
                        "width": 71,
                      }
                    }
                  >
                    <Text
                      style={
                        {
                          "color": "#ffffff",
                          "fontFamily": "WorkSans-BoldItalic",
                          "fontSize": 13,
                          "lineHeight": 15,
                        }
                      }
                    >
                      20%
                    </Text>
                    <Text
                      style={
                        {
                          "color": "#ffffff",
                          "fontFamily": "WorkSans-Italic",
                          "fontSize": 13,
                          "letterSpacing": -1.5,
                          "lineHeight": 15,
                          "marginLeft": 5,
                        }
                      }
                    >
                      OFF
                    </Text>
                  </View>
                </View>
              </View>
              <View
                onFocusCapture={[Function]}
                onLayout={[Function]}
                style={
                  [
                    {
                      "flexDirection": "row",
                    },
                    null,
                  ]
                }
              >
                <View
                  accessibilityState={
                    {
                      "busy": undefined,
                      "checked": undefined,
                      "disabled": undefined,
                      "expanded": undefined,
                      "selected": undefined,
                    }
                  }
                  accessibilityValue={
                    {
                      "max": undefined,
                      "min": undefined,
                      "now": undefined,
                      "text": undefined,
                    }
                  }
                  accessible={true}
                  collapsable={false}
                  focusable={true}
                  onClick={[Function]}
                  onResponderGrant={[Function]}
                  onResponderMove={[Function]}
                  onResponderRelease={[Function]}
                  onResponderTerminate={[Function]}
                  onResponderTerminationRequest={[Function]}
                  onStartShouldSetResponder={[Function]}
                  style={
                    {
                      "borderRadius": 10,
                      "opacity": 1,
                      "paddingHorizontal": 5,
                      "paddingVertical": 10,
                    }
                  }
                >
                  <Image
                    source={
                      {
                        "uri": "https://lojausereserva.vtexassets.com/arquivos/ids/8409628-400-600",
                      }
                    }
                    style={
                      {
                        "borderRadius": 10,
                        "height": 270,
                        "width": 165,
                      }
                    }
                  />
                  <Text
                    style={
                      {
                        "fontFamily": "ReservaSans-Bold",
                        "fontSize": 15,
                        "lineHeight": 20,
                      }
                    }
                  >
                    Camisa Polo Reserva Li..
                  </Text>
                  <View
                    style={
                      {
                        "alignItems": "center",
                        "flexDirection": "row",
                      }
                    }
                  >
                    <Text
                      style={
                        {
                          "fontFamily": "ReservaSans-Bold",
                          "fontSize": 17,
                          "lineHeight": 23,
                        }
                      }
                    >
                      R$ 600
                    </Text>
                    <Text
                      style={
                        {
                          "fontFamily": "ReservaSans-Bold",
                          "fontSize": 11,
                          "marginTop": -4,
                        }
                      }
                    >
                      ,90
                    </Text>
                  </View>
                </View>
              </View>
            </View>
          </RCTScrollView>
        </View>
      </View>
    </View>
  </RCTScrollView>
</View>
`;
