// Jest Snapshot v1, https://goo.gl/fbAQLP

exports[`Modal items with discount snapshot 1`] = `
<Modal
  animationType="slide"
  hardwareAccelerated={false}
  transparent={true}
  visible={false}
>
  <View
    style={
      Object {
        "backgroundColor": "rgba(0, 0, 0, 0.5)",
        "flex": 1,
        "justifyContent": "flex-end",
      }
    }
  >
    <View
      style={
        Object {
          "backgroundColor": "#ffffff",
          "borderTopLeftRadius": 10,
          "borderTopRightRadius": 10,
          "height": "65%",
          "paddingHorizontal": 10,
        }
      }
    >
      <View
        style={
          Object {
            "alignItems": "center",
            "flexDirection": "row",
            "justifyContent": "space-between",
            "marginVertical": 20,
          }
        }
      >
        <Text
          style={
            Object {
              "fontFamily": "ReservaSerif-Bold",
              "fontSize": 24,
            }
          }
        >
          Descontos do Pedido
        </Text>
        <View
          accessible={true}
          focusable={true}
          onClick={[Function]}
          onResponderGrant={[Function]}
          onResponderMove={[Function]}
          onResponderRelease={[Function]}
          onResponderTerminate={[Function]}
          onResponderTerminationRequest={[Function]}
          onStartShouldSetResponder={[Function]}
          style={
            Object {
              "opacity": 1,
            }
          }
        >
          <RNSVGSvgView
            align="xMidYMid"
            bbHeight="24"
            bbWidth="24"
            fill="none"
            focusable={false}
            height="24"
            meetOrSlice={0}
            minX={0}
            minY={0}
            style={
              Array [
                Object {
                  "backgroundColor": "transparent",
                  "borderWidth": 0,
                },
                Object {
                  "flex": 0,
                  "height": 24,
                  "width": 24,
                },
              ]
            }
            vbHeight={24}
            vbWidth={24}
            width="24"
          >
            <RNSVGGroup
              fill={null}
              propList={
                Array [
                  "fill",
                ]
              }
            >
              <RNSVGGroup>
                <RNSVGPath
                  d="M19 6.41L17.59 5L12 10.59L6.41 5L5 6.41L10.59 12L5 17.59L6.41 19L12 13.41L17.59 19L19 17.59L13.41 12L19 6.41Z"
                  fill={4278190080}
                  propList={
                    Array [
                      "fill",
                    ]
                  }
                />
              </RNSVGGroup>
            </RNSVGGroup>
          </RNSVGSvgView>
        </View>
      </View>
      <View
        style={
          Object {
            "flexDirection": "row",
          }
        }
      >
        <Text
          style={
            Array [
              Object {
                "fontFamily": "ReservaSans-Regular",
              },
              Object {
                "fontSize": 16,
              },
            ]
          }
        >
          O desconto 
        </Text>
        <Text
          style={
            Array [
              Object {
                "fontFamily": "ReservaSans-Regular",
              },
              Object {
                "fontSize": 14,
                "fontWeight": "bold",
              },
            ]
          }
        >
          foi aplicado 
        </Text>
        <Text
          style={
            Array [
              Object {
                "fontFamily": "ReservaSans-Regular",
              },
              Object {
                "fontSize": 16,
              },
            ]
          }
        >
          aos seguintes itens:
        </Text>
      </View>
      <View
        style={
          Object {
            "borderBottomColor": "#d7d7d7",
            "borderBottomWidth": 1,
            "marginVertical": 20,
          }
        }
      />
      <RCTScrollView
        disableVirtualization={false}
        getItem={[Function]}
        getItemCount={[Function]}
        horizontal={false}
        initialNumToRender={10}
        keyExtractor={[Function]}
        maxToRenderPerBatch={10}
        onContentSizeChange={[Function]}
        onEndReachedThreshold={2}
        onLayout={[Function]}
        onMomentumScrollEnd={[Function]}
        onScroll={[Function]}
        onScrollBeginDrag={[Function]}
        onScrollEndDrag={[Function]}
        removeClippedSubviews={false}
        renderItem={[Function]}
        scrollEventThrottle={50}
        showsVerticalScrollIndicator={false}
        stickyHeaderIndices={Array []}
        testID="com.usereserva:id/list_items_with_discount"
        updateCellsBatchingPeriod={50}
        viewabilityConfigCallbackPairs={Array []}
        windowSize={21}
      >
        <View />
      </RCTScrollView>
      <View
        style={
          Object {
            "padding": 10,
          }
        }
      >
        <View
          style={
            Object {
              "flexDirection": "row",
            }
          }
        >
          <RNSVGSvgView
            align="xMidYMid"
            bbHeight="16"
            bbWidth="16"
            fill="none"
            focusable={false}
            height="16"
            meetOrSlice={0}
            minX={0}
            minY={0}
            style={
              Array [
                Object {
                  "backgroundColor": "transparent",
                  "borderWidth": 0,
                },
                Object {
                  "flex": 0,
                  "height": 16,
                  "width": 16,
                },
              ]
            }
            vbHeight={16}
            vbWidth={16}
            width="16"
          >
            <RNSVGGroup
              fill={null}
              propList={
                Array [
                  "fill",
                ]
              }
            >
              <RNSVGGroup
                clipPath="clip0_468_6202"
              >
                <RNSVGCircle
                  cx={7.66}
                  cy={7.66}
                  fill={4293132331}
                  propList={
                    Array [
                      "fill",
                    ]
                  }
                  r={6.66}
                />
              </RNSVGGroup>
              <RNSVGPath
                d="M7 4.33301H8.33333V5.66634H7V4.33301ZM7 6.99967H8.33333V10.9997H7V6.99967Z"
                fill={4294967295}
                propList={
                  Array [
                    "fill",
                  ]
                }
              />
            </RNSVGGroup>
          </RNSVGSvgView>
          <Text
            style={
              Object {
                "color": "#E4002B",
                "fontFamily": "ReservaSans-Medium",
                "fontSize": 14,
                "marginLeft": 5,
                "marginTop": -2,
              }
            }
          >
            Os demais itens do carrinho já possuem um desconto maior ou não são elegíveis para este desconto!
          </Text>
        </View>
        <View
          style={
            Object {
              "borderBottomColor": "#d7d7d7",
              "borderBottomWidth": 1,
              "marginVertical": 20,
            }
          }
        />
        <View
          style={
            Object {
              "flexDirection": "row",
              "justifyContent": "space-between",
              "marginBottom": 10,
            }
          }
        >
          <View>
            <Text
              style={
                Object {
                  "fontFamily": "ReservaSans-Regular",
                  "fontSize": 14,
                }
              }
            >
              Produtos elegíveis
            </Text>
            <View
              style={
                Object {
                  "flexDirection": "row",
                }
              }
            >
              <Text
                style={
                  Array [
                    Object {
                      "fontFamily": "ReservaSans-Bold",
                      "fontSize": 16,
                    },
                    Object {
                      "textDecorationLine": "line-through",
                    },
                  ]
                }
              >
                R$
                 
                0
                ,
              </Text>
              <View
                style={
                  Object {
                    "alignSelf": "flex-start",
                  }
                }
              >
                <Text
                  style={
                    Array [
                      Object {
                        "fontFamily": "ReservaSans-Bold",
                        "fontSize": 16,
                      },
                      Object {
                        "fontSize": 10,
                        "textDecorationLine": "line-through",
                      },
                    ]
                  }
                >
                  0
                </Text>
              </View>
            </View>
          </View>
          <View>
            <Text
              style={
                Object {
                  "fontFamily": "ReservaSans-Regular",
                  "fontSize": 14,
                }
              }
            >
              Descontos de cupom
            </Text>
            <View
              style={
                Object {
                  "alignItems": "flex-end",
                }
              }
            >
              <View
                style={
                  Object {
                    "flexDirection": "row",
                  }
                }
              >
                <Text
                  style={
                    Array [
                      Object {
                        "fontFamily": "ReservaSans-Bold",
                        "fontSize": 16,
                      },
                      Object {
                        "color": "#31B94F",
                      },
                    ]
                  }
                >
                  R$
                   
                  0
                  ,
                </Text>
                <View
                  style={
                    Object {
                      "alignSelf": "flex-start",
                    }
                  }
                >
                  <Text
                    style={
                      Array [
                        Object {
                          "fontFamily": "ReservaSans-Bold",
                          "fontSize": 16,
                        },
                        Object {
                          "color": "#31B94F",
                          "fontSize": 10,
                        },
                      ]
                    }
                  >
                    00
                  </Text>
                </View>
              </View>
            </View>
          </View>
        </View>
      </View>
    </View>
  </View>
</Modal>
`;
