// Jest Snapshot v1, https://goo.gl/fbAQLP

exports[`ChangeFileModal renders without error and match snapshot 1`] = `
<View
  mb="sm"
  mt="sm"
  style={
    Array [
      Object {
        "marginBottom": 40,
        "marginTop": 40,
      },
    ]
  }
>
  <View
    mb="nano"
    mt="nano"
    style={
      Array [
        Object {
          "marginBottom": 8,
          "marginTop": 8,
        },
      ]
    }
  >
    <View
      accessible={true}
      focusable={true}
      onClick={[Function]}
      onResponderGrant={[Function]}
      onResponderMove={[Function]}
      onResponderRelease={[Function]}
      onResponderTerminate={[Function]}
      onResponderTerminationRequest={[Function]}
      onStartShouldSetResponder={[Function]}
      style={
        Object {
          "opacity": 1,
        }
      }
      testID="com.usereserva:id/testerAreaView_button_copy_onesignal_token"
    >
      <Text
        style={
          Array [
            Object {},
          ]
        }
        testID="com.usereserva:id/testerAreaView_onesignal_token"
      >
        1234
      </Text>
    </View>
  </View>
  <View
    mb="nano"
    mt="nano"
    style={
      Array [
        Object {
          "marginBottom": 8,
          "marginTop": 8,
        },
      ]
    }
  >
    <View
      accessible={true}
      focusable={true}
      onClick={[Function]}
      onResponderGrant={[Function]}
      onResponderMove={[Function]}
      onResponderRelease={[Function]}
      onResponderTerminate={[Function]}
      onResponderTerminationRequest={[Function]}
      onStartShouldSetResponder={[Function]}
      style={
        Object {
          "opacity": 1,
        }
      }
      testID="com.usereserva:id/testerAreaView_button_copy_orderform_id"
    >
      <Text
        style={
          Array [
            Object {},
          ]
        }
        testID="com.usereserva:id/testerAreaView_orderform_id"
      >
        
      </Text>
    </View>
  </View>
  <View
    alignItems="center"
    flexDirection="row"
    marginY="micro"
    style={
      Array [
        Object {
          "alignItems": "center",
          "flexDirection": "row",
          "marginBottom": 12,
          "marginTop": 12,
        },
      ]
    }
  >
    <View
      flex={1}
      style={
        Array [
          Object {
            "flexBasis": 0,
            "flexGrow": 1,
            "flexShrink": 1,
          },
        ]
      }
    >
      <Text
        style={
          Array [
            Object {
              "fontFamily": "ReservaSerif-Regular",
              "fontSize": 20,
            },
          ]
        }
        variant="subtituloSessoes"
      >
        Ambiente de testes
      </Text>
    </View>
    <View
      marginLeft="micro"
      style={
        Array [
          Object {
            "marginLeft": 12,
          },
        ]
      }
    >
      <View
        alignItems="center"
        flexDirection="row"
        style={
          Array [
            Object {
              "alignItems": "center",
              "flexDirection": "row",
            },
          ]
        }
      >
        <RCTSwitch
          accessibilityRole="switch"
          onChange={[Function]}
          onResponderTerminationRequest={[Function]}
          onStartShouldSetResponder={[Function]}
          onTintColor="#333333"
          style={
            Object {
              "height": 31,
              "width": 51,
            }
          }
          thumbTintColor="#eee"
          tintColor="#ccc"
          value={false}
        />
        <View
          accessible={true}
          focusable={true}
          ml={5}
          mt={2}
          onClick={[Function]}
          onResponderGrant={[Function]}
          onResponderMove={[Function]}
          onResponderRelease={[Function]}
          onResponderTerminate={[Function]}
          onResponderTerminationRequest={[Function]}
          onStartShouldSetResponder={[Function]}
          style={
            Array [
              Object {
                "marginLeft": 5,
                "marginTop": 2,
              },
            ]
          }
          testID="com.usereserva:id/testerAreaView_button_toogle_tester_user"
        >
          <Text
            style={
              Array [
                Object {},
              ]
            }
          />
        </View>
      </View>
    </View>
  </View>
  <View
    alignItems="center"
    flexDirection="row"
    marginY="micro"
    style={
      Array [
        Object {
          "alignItems": "center",
          "flexDirection": "row",
          "marginBottom": 12,
          "marginTop": 12,
        },
      ]
    }
  >
    <View
      flex={1}
      style={
        Array [
          Object {
            "flexBasis": 0,
            "flexGrow": 1,
            "flexShrink": 1,
          },
        ]
      }
    >
      <Text
        style={
          Array [
            Object {
              "fontFamily": "ReservaSerif-Regular",
              "fontSize": 20,
            },
          ]
        }
        variant="subtituloSessoes"
      >
        Ativar Onboarding
      </Text>
    </View>
    <View
      marginLeft="xxxs"
      style={
        Array [
          Object {
            "marginLeft": 16,
          },
        ]
      }
    >
      <View
        alignItems="center"
        flexDirection="row"
        style={
          Array [
            Object {
              "alignItems": "center",
              "flexDirection": "row",
            },
          ]
        }
      >
        <RCTSwitch
          accessibilityRole="switch"
          onChange={[Function]}
          onResponderTerminationRequest={[Function]}
          onStartShouldSetResponder={[Function]}
          onTintColor="#333333"
          style={
            Object {
              "height": 31,
              "width": 51,
            }
          }
          thumbTintColor="#eee"
          tintColor="#ccc"
          value={false}
        />
        <View
          accessible={true}
          focusable={true}
          ml={5}
          mt={2}
          onClick={[Function]}
          onResponderGrant={[Function]}
          onResponderMove={[Function]}
          onResponderRelease={[Function]}
          onResponderTerminate={[Function]}
          onResponderTerminationRequest={[Function]}
          onStartShouldSetResponder={[Function]}
          style={
            Array [
              Object {
                "marginLeft": 5,
                "marginTop": 2,
              },
            ]
          }
          testID="com.usereserva:id/testerAreaView_button_toogle_onboarding_view"
        >
          <Text
            style={
              Array [
                Object {},
              ]
            }
          />
        </View>
      </View>
    </View>
  </View>
</View>
`;
