// Jest Snapshot v1, https://goo.gl/fbAQLP

exports[`CreditsView when all props required are passed should match snapshot 1`] = `
<View
  mt="sm"
  mx="xxs"
  style={
    Array [
      Object {
        "marginLeft": 24,
        "marginRight": 24,
        "marginTop": 40,
      },
    ]
  }
>
  <View
    mb="nano"
    style={
      Array [
        Object {
          "marginBottom": 8,
        },
      ]
    }
  >
    <Text
      style={
        Array [
          Object {
            "fontFamily": "ReservaSerif-Regular",
            "fontSize": 28,
          },
        ]
      }
      variant="tituloSessoes"
    >
      Meus créditos
    </Text>
  </View>
  <Text
    fontFamily="nunitoRegular"
    fontSize={14}
    style={
      Array [
        Object {
          "fontFamily": "Nunito-Regular",
          "fontSize": 14,
        },
      ]
    }
  >
    Use o crédito na sua próxima compra. Ele aparecerá automaticamente no ato do pagamento.
  </Text>
  <View
    mt="xxs"
    style={
      Array [
        Object {
          "marginTop": 24,
        },
      ]
    }
  >
    <View
      backgroundColor="divider"
      height={1}
      style={
        Array [
          Object {
            "backgroundColor": "#D8D9DA",
            "height": 1,
          },
        ]
      }
      variant="fullWidth"
    />
    <View
      flexDirection="row"
      justifyContent="space-between"
      py="xxs"
      style={
        Array [
          Object {
            "flexDirection": "row",
            "justifyContent": "space-between",
            "paddingBottom": 24,
            "paddingTop": 24,
          },
        ]
      }
    >
      <Text
        style={
          Array [
            Object {
              "fontFamily": "ReservaSerif-Regular",
              "fontSize": 20,
            },
          ]
        }
        variant="subtituloSessoes"
      >
        Créditos e cashback
      </Text>
      <View
        flexDirection="row"
        style={
          Array [
            Object {
              "flexDirection": "row",
            },
          ]
        }
      >
        <View
          style={
            Array [
              Object {},
            ]
          }
        >
          <Text
            color="preto"
            fontFamily="nunitoBold"
            fontSize={20}
            style={
              Array [
                Object {
                  "color": "#333333",
                  "fontFamily": "Nunito-Bold",
                  "fontSize": 20,
                },
              ]
            }
          >
            R$ 
            200
            ,
          </Text>
        </View>
        <View
          alignSelf="flex-start"
          style={
            Array [
              Object {
                "alignSelf": "flex-start",
              },
            ]
          }
        >
          <Text
            color="preto"
            fontFamily="nunitoBold"
            fontSize={13}
            style={
              Array [
                Object {
                  "color": "#333333",
                  "fontFamily": "Nunito-Bold",
                  "fontSize": 13,
                },
              ]
            }
          >
            00
          </Text>
        </View>
      </View>
    </View>
    <View
      backgroundColor="divider"
      height={1}
      style={
        Array [
          Object {
            "backgroundColor": "#D8D9DA",
            "height": 1,
          },
        ]
      }
      variant="fullWidth"
    />
    <View
      flexDirection="row"
      mt="xxs"
      style={
        Array [
          Object {
            "flexDirection": "row",
            "marginTop": 24,
          },
        ]
      }
    >
      <View
        alignItems="center"
        style={
          Array [
            Object {
              "alignItems": "center",
            },
          ]
        }
      >
        <View
          accessible={true}
          focusable={true}
          onClick={[Function]}
          onResponderGrant={[Function]}
          onResponderMove={[Function]}
          onResponderRelease={[Function]}
          onResponderTerminate={[Function]}
          onResponderTerminationRequest={[Function]}
          onStartShouldSetResponder={[Function]}
          style={
            Object {
              "alignItems": "center",
              "flexDirection": "row",
              "justifyContent": "center",
              "opacity": 1,
            }
          }
        >
          <RNSVGSvgView
            bbHeight={20}
            bbWidth={20}
            color="preto"
            focusable={false}
            mr="xxxs"
            size={20}
            style={
              Array [
                Object {
                  "backgroundColor": "transparent",
                  "borderWidth": 0,
                },
                Array [
                  Object {
                    "color": "#333333",
                    "height": 20,
                    "marginRight": 16,
                    "width": 20,
                  },
                ],
                Object {
                  "flex": 0,
                  "height": 20,
                  "width": 20,
                },
              ]
            }
          >
            <RNSVGGroup>
              <RNSVGSvgView
                align="xMidYMid"
                bbHeight="100%"
                bbWidth="100%"
                focusable={false}
                height="100%"
                meetOrSlice={0}
                minX={0}
                minY={0}
                style={
                  Array [
                    Object {
                      "backgroundColor": "transparent",
                      "borderWidth": 0,
                    },
                    Array [
                      Object {
                        "height": "100%",
                        "width": "100%",
                      },
                    ],
                    Object {
                      "flex": 0,
                      "height": "100%",
                      "width": "100%",
                    },
                  ]
                }
                vbHeight={18}
                vbWidth={18}
                width="100%"
              >
                <RNSVGGroup>
                  <RNSVGGroup
                    matrix={
                      Array [
                        1,
                        0,
                        0,
                        1,
                        -20,
                        -683,
                      ]
                    }
                  >
                    <RNSVGGroup
                      fill={null}
                      matrix={
                        Array [
                          1,
                          0,
                          0,
                          1,
                          20,
                          683,
                        ]
                      }
                      propList={
                        Array [
                          "fill",
                          "stroke",
                        ]
                      }
                      stroke={4281545523}
                    >
                      <RNSVGCircle
                        cx="9"
                        cy="9"
                        propList={
                          Array [
                            "stroke",
                          ]
                        }
                        r="8"
                        stroke={4281545523}
                      />
                      <RNSVGCircle
                        cx="9"
                        cy="9"
                        fill={null}
                        propList={
                          Array [
                            "fill",
                          ]
                        }
                        r="8.5"
                      />
                    </RNSVGGroup>
                    <RNSVGPath
                      d="M171.52,270.232a.705.705,0,0,1,0-1.411,1.134,1.134,0,0,1,.763.369.705.705,0,1,0,.981-1.014,2.721,2.721,0,0,0-1.039-.65v-.822a.705.705,0,1,0-1.411,0v.827a2.116,2.116,0,0,0,.705,4.111.705.705,0,1,1,0,1.411,1.277,1.277,0,0,1-.916-.534.705.705,0,0,0-1.08.908,2.924,2.924,0,0,0,1.291.919v.823a.705.705,0,1,0,1.411,0v-.827a2.116,2.116,0,0,0-.705-4.111Zm0,0"
                      fill={4281545523}
                      matrix={
                        Array [
                          1,
                          0,
                          0,
                          1,
                          -142.496,
                          421.063,
                        ]
                      }
                      propList={
                        Array [
                          "fill",
                        ]
                      }
                    />
                  </RNSVGGroup>
                </RNSVGGroup>
              </RNSVGSvgView>
            </RNSVGGroup>
          </RNSVGSvgView>
          <Text
            fontFamily="nunitoBold"
            fontSize={16}
            style={
              Array [
                Object {
                  "fontFamily": "Nunito-Bold",
                  "fontSize": 16,
                },
              ]
            }
          >
            Cashback em Lojas
          </Text>
        </View>
      </View>
    </View>
  </View>
</View>
`;
