// Jest Snapshot v1, https://goo.gl/fbAQLP

exports[`PrimeIntro should render properly and match to snapshot 1`] = `
<View
  accessible={false}
  style={
    Object {
      "alignItems": "center",
      "backgroundColor": "#F7F7F7",
      "justifyContent": "center",
      "paddingHorizontal": 32,
    }
  }
  testID="com.usereserva:id/PrimeIntro_wrapper"
>
  <View
    style={
      Object {
        "alignItems": "center",
        "backgroundColor": "#ffffff",
        "elevation": 4,
        "justifyContent": "center",
        "marginBottom": 32,
        "marginTop": -60,
        "paddingBottom": 8,
        "paddingHorizontal": 16,
        "paddingTop": 32,
        "shadowColor": "#000",
        "shadowOffset": Object {
          "height": 2,
          "width": 0,
        },
        "shadowOpacity": 0.23,
        "shadowRadius": 2.62,
        "width": "100%",
      }
    }
  >
    <Text
      style={
        Array [
          Object {
            "fontFamily": "ReservaSerif-Regular",
            "fontSize": 28,
          },
          Object {
            "color": "#000000",
            "fontSize": 20,
            "lineHeight": 26,
            "marginBottom": 24,
          },
        ]
      }
      variant="tituloSessoes"
    >
      A experiência
      <Text
        style={
          Array [
            Object {
              "fontFamily": "ReservaSerif-Bold",
              "fontSize": 27,
            },
            Object {
              "color": "#000000",
              "fontSize": 20,
              "lineHeight": 26,
            },
          ]
        }
        variant="descontoTag1"
      >
         Reserva
      </Text>
      

      em seu modo
      <Text
        style={
          Array [
            Object {
              "fontFamily": "ReservaSerif-Bold",
              "fontSize": 27,
            },
            Object {
              "color": "#000000",
              "fontSize": 20,
              "lineHeight": 26,
            },
          ]
        }
        variant="descontoTag1"
      >
         Premium
      </Text>
    </Text>
    <Text
      style={
        Array [
          Object {
            "fontFamily": "Nunito-Regular",
            "fontSize": 15,
          },
          Object {
            "color": "#848484",
            "fontSize": 12,
            "lineHeight": 15.5,
            "marginBottom": 24,
            "textAlign": "center",
          },
        ]
      }
      variant="tituloSessao"
    >
      Faça parte do Prime, o clube de vantagens da Reserva, e tenha acesso a benefícios em todos os produtos da marca, além de experiências exclusivas em parceiros que já completam seu estilo de vida.
    </Text>
    <Text
      style={
        Array [
          Object {
            "fontFamily": "Nunito-Regular",
            "fontSize": 15,
          },
          Object {
            "color": "#848484",
            "fontSize": 12,
            "lineHeight": 15.5,
            "marginBottom": 24,
            "textAlign": "center",
          },
        ]
      }
      variant="tituloSessao"
    >
      Assine em até
      <Text
        style={
          Array [
            Object {
              "fontFamily": "Nunito-Bold",
              "fontSize": 20,
            },
            Object {
              "color": "#000000",
              "fontSize": 12,
              "lineHeight": 15.5,
            },
          ]
        }
        variant="precoTotal"
      >
         12x de R$ 25 
      </Text>
      e comece a aproveitar agora! Depois que se tornar membro, você não vai se arrepender.
    </Text>
  </View>
</View>
`;
