// Jest Snapshot v1, https://goo.gl/fbAQLP

exports[`AbandonedCart snapshot 1`] = `
<RCTSafeAreaView>
  <View
    accessibilityLabel="com.usereserva:id/abandoned_cart_container"
    style={
      {
        "backgroundColor": "#ffffff",
        "flex": 1,
        "margin": 28.125,
        "marginTop": 58.59375,
      }
    }
    testID="com.usereserva:id/abandoned_cart_container"
  >
    <View
      accessibilityLabel="com.usereserva:id/abandoned_cart_header_container"
      style={
        {
          "alignItems": "center",
          "flexDirection": "row",
          "justifyContent": "space-between",
        }
      }
      testID="com.usereserva:id/abandoned_cart_header_container"
    >
      <Text
        accessibilityLabel="com.usereserva:id/abandoned_cart_title"
        style={
          {
            "color": "#333333",
            "fontFamily": "Arial",
            "fontSize": 42.1875,
            "fontWeight": "400",
            "lineHeight": 48.515625,
          }
        }
        testID="com.usereserva:id/abandoned_cart_title"
      >
        Continue comprando
      </Text>
    </View>
    <View
      style={
        {
          "flex": 1,
        }
      }
    >
      <View
        collapsable={false}
        handlerTag={1}
        handlerType="PanGestureHandler"
        onGestureHandlerEvent={[Function]}
        onGestureHandlerStateChange={[Function]}
        onTouchEnd={[Function]}
        onTouchStart={[Function]}
        style={
          [
            {
              "overflow": "hidden",
            },
            {
              "height": 264,
              "width": 750,
            },
            {
              "alignItems": "center",
              "backgroundColor": "#ffffff",
            },
            {
              "flexDirection": "row",
            },
          ]
        }
        testID="com.usereserva:id/abandoned_cart_carrousel_content"
      />
    </View>
    <View
      style={
        [
          {
            "alignSelf": "center",
            "flexDirection": "row",
            "justifyContent": "space-between",
            "position": "relative",
          },
          {
            "width": 0,
          },
        ]
      }
    />
    <View
      accessibilityLabel="com.usereserva:id/abandoned_cart_button_finish_purchase"
      accessibilityState={
        {
          "busy": undefined,
          "checked": undefined,
          "disabled": undefined,
          "expanded": undefined,
          "selected": undefined,
        }
      }
      accessibilityValue={
        {
          "max": undefined,
          "min": undefined,
          "now": undefined,
          "text": undefined,
        }
      }
      accessible={true}
      collapsable={false}
      focusable={true}
      onClick={[Function]}
      onResponderGrant={[Function]}
      onResponderMove={[Function]}
      onResponderRelease={[Function]}
      onResponderTerminate={[Function]}
      onResponderTerminationRequest={[Function]}
      onStartShouldSetResponder={[Function]}
      style={
        {
          "opacity": 1,
        }
      }
      testID="com.usereserva:id/abandoned_cart_button_finish_purchase"
    >
      <View
        accessibilityLabel="com.usereserva:id/abandoned_cart_footer_container"
        style={
          {
            "alignItems": "center",
            "alignSelf": "center",
            "backgroundColor": "#303030",
            "borderColor": "#303030",
            "borderRadius": 4,
            "borderWidth": 1,
            "height": 40,
            "justifyContent": "center",
            "marginTop": 46.875,
            "width": 228,
          }
        }
        testID="com.usereserva:id/abandoned_cart_footer_container"
      >
        <Text
          style={
            {
              "color": "#ffffff",
              "fontFamily": "ReservaSans-Medium",
              "fontSize": 14,
              "fontWeight": "500",
              "lineHeight": 18.48,
              "textTransform": "uppercase",
            }
          }
          testID="com.usereserva:id/abandoned_cart_finish_purchase"
        >
          Finalizar compra
        </Text>
      </View>
    </View>
  </View>
</RCTSafeAreaView>
`;
