// Jest Snapshot v1, https://goo.gl/fbAQLP

exports[`Test Component Recommendation Testing Recommendation renders without error and match snapshot 1`] = `
Array [
  <View
    paddingX="xxxs"
    style={
      Array [
        Object {
          "paddingLeft": 16,
          "paddingRight": 16,
        },
      ]
    }
  >
    <View
      backgroundColor="divider"
      height={1}
      marginTop="xs"
      style={
        Array [
          Object {
            "backgroundColor": "#D8D9DA",
            "height": 1,
            "marginTop": 32,
          },
        ]
      }
      variant="fullWidth"
    />
  </View>,
  <View
    paddingLeft="micro"
    style={
      Array [
        Object {
          "paddingLeft": 12,
        },
      ]
    }
    testID="com.usereserva:id/products_recomendation_list"
  >
    <View
      alignItems="center"
      style={
        Array [
          Object {
            "alignItems": "center",
          },
        ]
      }
    >
      <View
        accessible={true}
        focusable={true}
        hitSlop={
          Object {
            "bottom": 15,
            "left": 50,
            "top": 15,
          }
        }
        onClick={[Function]}
        onResponderGrant={[Function]}
        onResponderMove={[Function]}
        onResponderRelease={[Function]}
        onResponderTerminate={[Function]}
        onResponderTerminationRequest={[Function]}
        onStartShouldSetResponder={[Function]}
        style={
          Object {
            "alignItems": "center",
            "flexDirection": "row",
            "justifyContent": "center",
            "opacity": 1,
          }
        }
      >
        <View
          alignItems="flex-start"
          flexDirection="row"
          marginBottom="xxs"
          marginY="xxs"
          style={
            Array [
              Object {
                "alignItems": "flex-start",
                "flexDirection": "row",
                "marginBottom": 24,
                "marginTop": 24,
              },
              Object {},
            ]
          }
        >
          <View
            marginRight="micro"
            style={
              Array [
                Object {
                  "marginRight": 12,
                },
              ]
            }
          >
            <RNSVGSvgView
              bbHeight={20}
              bbWidth={20}
              color="preto"
              focusable={false}
              size={20}
              style={
                Array [
                  Object {
                    "backgroundColor": "transparent",
                    "borderWidth": 0,
                  },
                  Array [
                    Object {
                      "color": "#333333",
                      "height": 20,
                      "width": 20,
                    },
                  ],
                  Object {
                    "flex": 0,
                    "height": 20,
                    "width": 20,
                  },
                ]
              }
            >
              <RNSVGGroup>
                <RNSVGSvgView
                  align="xMidYMid"
                  bbHeight="100%"
                  bbWidth="100%"
                  focusable={false}
                  id="Logo"
                  meetOrSlice={0}
                  minX={0}
                  minY={0}
                  style={
                    Array [
                      Object {
                        "backgroundColor": "transparent",
                        "borderWidth": 0,
                      },
                      Array [
                        Object {},
                      ],
                      Object {
                        "flex": 0,
                        "height": "100%",
                        "width": "100%",
                      },
                    ]
                  }
                  vbHeight={19.477}
                  vbWidth={16.569}
                >
                  <RNSVGGroup>
                    <RNSVGGroup
                      matrix={
                        Array [
                          1,
                          0,
                          0,
                          1,
                          0.5,
                          0.5,
                        ]
                      }
                      name="Sacola"
                    >
                      <RNSVGPath
                        d="M5.388,7.8,4.5,19.909a1.73,1.73,0,0,0,1.73,1.73H18.339a1.73,1.73,0,0,0,1.73-1.73L18.913,7.8Z"
                        fill={null}
                        matrix={
                          Array [
                            1,
                            0,
                            0,
                            1,
                            -4.5,
                            -3.162,
                          ]
                        }
                        name="Caminho_65"
                        propList={
                          Array [
                            "fill",
                            "stroke",
                            "strokeLinecap",
                            "strokeLinejoin",
                          ]
                        }
                        stroke={4281545523}
                        strokeLinecap={1}
                        strokeLinejoin={1}
                      />
                      <RNSVGPath
                        d="M4.5,9H17.9"
                        fill={null}
                        matrix={
                          Array [
                            1,
                            0,
                            0,
                            1,
                            -3.489,
                            -4.362,
                          ]
                        }
                        name="Caminho_66"
                        propList={
                          Array [
                            "fill",
                            "stroke",
                            "strokeLinecap",
                            "strokeLinejoin",
                          ]
                        }
                        stroke={4281545523}
                        strokeLinecap={1}
                        strokeLinejoin={1}
                      />
                      <RNSVGPath
                        d="M18.362,18.181a3.181,3.181,0,0,0-6.362,0"
                        fill={null}
                        matrix={
                          Array [
                            1,
                            0,
                            0,
                            1,
                            -7.612,
                            -15,
                          ]
                        }
                        name="Caminho_67"
                        propList={
                          Array [
                            "fill",
                            "stroke",
                            "strokeLinecap",
                            "strokeLinejoin",
                          ]
                        }
                        stroke={4281545523}
                        strokeLinecap={1}
                        strokeLinejoin={1}
                      />
                    </RNSVGGroup>
                  </RNSVGGroup>
                </RNSVGSvgView>
              </RNSVGGroup>
            </RNSVGSvgView>
          </View>
          <View
            flex={1}
            style={
              Array [
                Object {
                  "flexBasis": 0,
                  "flexGrow": 1,
                  "flexShrink": 1,
                },
              ]
            }
          >
            <Text
              style={
                Array [
                  Object {
                    "fontFamily": "ReservaSerif-Regular",
                    "fontSize": 20,
                  },
                ]
              }
              variant="subtituloSessoes"
            >
              Outros produtos que vocÃª pode gostar
            </Text>
          </View>
          <View
            marginRight="md"
            style={
              Array [
                Object {
                  "marginRight": 48,
                },
              ]
            }
          >
            <RNSVGSvgView
              bbHeight={20}
              bbWidth={20}
              color="preto"
              focusable={false}
              size="20"
              style={
                Array [
                  Object {
                    "backgroundColor": "transparent",
                    "borderWidth": 0,
                  },
                  Array [
                    Object {
                      "color": "#333333",
                      "height": 20,
                      "width": 20,
                    },
                    Object {
                      "transform": Array [
                        Object {
                          "rotate": "-180deg",
                        },
                        Object {
                          "translateY": 4,
                        },
                      ],
                    },
                  ],
                  Object {
                    "flex": 0,
                    "height": 20,
                    "width": 20,
                  },
                ]
              }
            >
              <RNSVGGroup
                matrix={
                  Array [
                    1,
                    0,
                    0,
                    1,
                    0,
                    0,
                  ]
                }
              >
                <RNSVGSvgView
                  align="xMidYMid"
                  bbHeight="100%"
                  bbWidth="100%"
                  focusable={false}
                  height="100%"
                  meetOrSlice={0}
                  minX={0}
                  minY={0}
                  style={
                    Array [
                      Object {
                        "backgroundColor": "transparent",
                        "borderWidth": 0,
                      },
                      Array [
                        Object {
                          "height": "100%",
                          "width": "100%",
                        },
                      ],
                      Object {
                        "flex": 0,
                        "height": "100%",
                        "width": "100%",
                      },
                    ]
                  }
                  vbHeight={19.477}
                  vbWidth={16.569}
                  width="100%"
                >
                  <RNSVGGroup>
                    <RNSVGGroup
                      matrix={
                        Array [
                          1,
                          0,
                          0,
                          1,
                          0.5,
                          0.5,
                        ]
                      }
                      name="Arrow_-_icon"
                    >
                      <RNSVGPath
                        d="M.873,13.174,0,12.3,5.719,6.593,0,.873.873,0l6.58,6.593L4.99,9.057Z"
                        fill={4281545523}
                        matrix={
                          Array [
                            6.123233995736766e-17,
                            1,
                            -1,
                            6.123233995736766e-17,
                            13.174,
                            0,
                          ]
                        }
                        name="right001_-_E012"
                        propList={
                          Array [
                            "fill",
                            "stroke",
                          ]
                        }
                        stroke={4281545523}
                      />
                    </RNSVGGroup>
                  </RNSVGGroup>
                </RNSVGSvgView>
              </RNSVGGroup>
            </RNSVGSvgView>
          </View>
        </View>
      </View>
    </View>
  </View>,
  <View
    paddingX="xxxs"
    style={
      Array [
        Object {
          "paddingLeft": 16,
          "paddingRight": 16,
        },
      ]
    }
  >
    <View
      backgroundColor="divider"
      height={1}
      marginBottom="xs"
      style={
        Array [
          Object {
            "backgroundColor": "#D8D9DA",
            "height": 1,
            "marginBottom": 32,
          },
        ]
      }
      variant="fullWidth"
    />
  </View>,
  <View
    mt="quarck"
    paddingX="micro"
    style={
      Array [
        Object {
          "marginTop": 4,
          "paddingLeft": 12,
          "paddingRight": 12,
        },
      ]
    }
  />,
]
`;
