// Jest Snapshot v1, https://goo.gl/fbAQLP

exports[`Section items with discount snapshot 1`] = `<View />`;
