// Jest Snapshot v1, https://goo.gl/fbAQLP

exports[`ImageComponent should match with the snapshot 1`] = `
<Image
  onError={[Function]}
  resizeMode="contain"
  source={
    {
      "commons": {
        "GuideBermuda": [Circular],
        "GuideCalca": [Circular],
        "GuideCamiseta": [Circular],
        "GuideHoodie": [Circular],
        "GuideJaqueta": [Circular],
        "GuideMangaCurta": [Circular],
        "GuideMangaLonga": [Circular],
        "GuidePolo": [Circular],
        "GuideShort": [Circular],
        "GuideSueter": [Circular],
        "GuideSungaCueca": [Circular],
        "QrcodeBackground": [Circular],
        "abandonedCartBag": [Circular],
        "addition": [Circular],
        "americanExpress": [Circular],
        "arrowInstruction": [Circular],
        "arrowRight": [Circular],
        "bagEmpty": [Circular],
        "bannerCatalog": [Circular],
        "bannerLogin": [Circular],
        "bannerOffer": [Circular],
        "black1p5p": [Circular],
        "cardFront": [Circular],
        "cardImage": [Circular],
        "cardVerso": [Circular],
        "chat": [Circular],
        "checkedBox": [Circular],
        "chevronLeftFill": [Circular],
        "chevronRightFill": [Circular],
        "close": [Circular],
        "clothingCare1": [Circular],
        "clothingCareBleach": [Circular],
        "clothingCareDrying": [Circular],
        "clothingCarePass": [Circular],
        "clothingCareProfessionalWashing": [Circular],
        "clothingCareWash": [Circular],
        "config": [Circular],
        "copy": [Circular],
        "cupomModalBackground": [Circular],
        "cutlery": [Circular],
        "discountFlag": [Circular],
        "dividerReserva": [Circular],
        "document": [Circular],
        "elo": [Circular],
        "emptyProductCatalog": [Circular],
        "expand": [Circular],
        "facebook": [Circular],
        "faq": [Circular],
        "filledHeart": [Circular],
        "foraDoAr": [Circular],
        "green1p5p": [Circular],
        "greenCheck": [Circular],
        "headerLogin": [Circular],
        "heart": [Circular],
        "help": [Circular],
        "homeMock1": [Circular],
        "homeMock2": [Circular],
        "homeMock3": [Circular],
        "homeMock4": [Circular],
        "imageCashback": [Circular],
        "imageNotFound": [Circular],
        "instagram": [Circular],
        "ios14": [Circular],
        "localReserva": [Circular],
        "logo": [Circular],
        "logoQRCode": [Circular],
        "mastercard": [Circular],
        "newsletter": [Circular],
        "noStoresFound": [Circular],
        "noWishList": [Circular],
        "pinPlace": [Circular],
        "pinYou": [Circular],
        "profile": [Circular],
        "purchaseConfirmation": [Circular],
        "raceImageBackground": [Circular],
        "reservaIcon": [Circular],
        "roulet": [Circular],
        "saleOff": [Circular],
        "search": [Circular],
        "searchNotFound": [Circular],
        "selectRectangle": [Circular],
        "share": [Circular],
        "shipping1": [Circular],
        "shipping2": [Circular],
        "shirt1": [Circular],
        "shirt2": [Circular],
        "shirt3": [Circular],
        "shirt4": [Circular],
        "signup1": [Circular],
        "signup2": [Circular],
        "signup3": [Circular],
        "signup4": [Circular],
        "signup5": [Circular],
        "subtraction": [Circular],
        "topBannerMock1": [Circular],
        "twitter": [Circular],
        "umPCincoPLogo": [Circular],
        "uncheckedBox": [Circular],
        "unfilledHeart": [Circular],
        "update": [Circular],
        "visa": [Circular],
        "whatsapp": [Circular],
        "withoutInternet": [Circular],
        "zoomHand": [Circular],
      },
      "default": {
        "GuideBermuda": [Circular],
        "GuideCalca": [Circular],
        "GuideCamiseta": [Circular],
        "GuideHoodie": [Circular],
        "GuideJaqueta": [Circular],
        "GuideMangaCurta": [Circular],
        "GuideMangaLonga": [Circular],
        "GuidePolo": [Circular],
        "GuideShort": [Circular],
        "GuideSueter": [Circular],
        "GuideSungaCueca": [Circular],
        "QrcodeBackground": [Circular],
        "abandonedCartBag": [Circular],
        "addition": [Circular],
        "americanExpress": [Circular],
        "arrowInstruction": [Circular],
        "arrowRight": [Circular],
        "bagEmpty": [Circular],
        "bannerCatalog": [Circular],
        "bannerLogin": [Circular],
        "bannerOffer": [Circular],
        "black1p5p": [Circular],
        "cardFront": [Circular],
        "cardImage": [Circular],
        "cardVerso": [Circular],
        "chat": [Circular],
        "checkedBox": [Circular],
        "checkedRounded": [Function],
        "chevronLeftFill": [Circular],
        "chevronRight": [Function],
        "chevronRightFill": [Circular],
        "close": [Circular],
        "closeIcon": [Function],
        "clothingCare1": [Circular],
        "clothingCareBleach": [Circular],
        "clothingCareDrying": [Circular],
        "clothingCarePass": [Circular],
        "clothingCareProfessionalWashing": [Circular],
        "clothingCareWash": [Circular],
        "config": [Circular],
        "copy": [Circular],
        "cupomModalBackground": [Circular],
        "cutlery": [Circular],
        "discountFlag": [Circular],
        "dividerReserva": [Circular],
        "document": [Circular],
        "elo": [Circular],
        "emptyProductCatalog": [Circular],
        "expand": [Circular],
        "facebook": [Circular],
        "faq": [Circular],
        "filledHeart": [Circular],
        "foraDoAr": [Circular],
        "green1p5p": [Circular],
        "greenCheck": [Circular],
        "hanger": [Function],
        "headerLogin": [Circular],
        "heart": [Circular],
        "help": [Circular],
        "homeMock1": [Circular],
        "homeMock2": [Circular],
        "homeMock3": [Circular],
        "homeMock4": [Circular],
        "imageCashback": [Circular],
        "imageNotFound": [Circular],
        "info": [Function],
        "infoSuccess": [Function],
        "instagram": [Circular],
        "ios14": [Circular],
        "localReserva": [Circular],
        "logo": [Circular],
        "logoPrime": [Function],
        "logoQRCode": [Circular],
        "mastercard": [Circular],
        "newsletter": [Circular],
        "noStoresFound": [Circular],
        "noWishList": [Circular],
        "personalize": [Function],
        "pinPlace": [Circular],
        "pinYou": [Circular],
        "profile": [Circular],
        "purchaseConfirmation": [Circular],
        "raceImageBackground": [Circular],
        "reservaIcon": [Circular],
        "roulet": [Circular],
        "saleOff": [Circular],
        "search": [Circular],
        "searchNotFound": [Circular],
        "selectRectangle": [Circular],
        "share": [Circular],
        "shipping1": [Circular],
        "shipping2": [Circular],
        "shirt1": [Circular],
        "shirt2": [Circular],
        "shirt3": [Circular],
        "shirt4": [Circular],
        "signup1": [Circular],
        "signup2": [Circular],
        "signup3": [Circular],
        "signup4": [Circular],
        "signup5": [Circular],
        "sizeGuideIcon": [Function],
        "subtraction": [Circular],
        "topBannerMock1": [Circular],
        "trash": [Function],
        "twitter": [Circular],
        "umPCincoPLogo": [Circular],
        "uncheckedBox": [Circular],
        "unfilledHeart": [Circular],
        "update": [Circular],
        "visa": [Circular],
        "whatsapp": [Circular],
        "withoutInternet": [Circular],
        "zoomHand": [Circular],
      },
      "svgs": {
        "checkedRounded": [Function],
        "chevronRight": [Function],
        "closeIcon": [Function],
        "hanger": [Function],
        "info": [Function],
        "infoSuccess": [Function],
        "logoPrime": [Function],
        "personalize": [Function],
        "sizeGuideIcon": [Function],
        "trash": [Function],
      },
    }
  }
  style={
    [
      {
        "height": 562.5,
        "width": 750,
      },
      undefined,
    ]
  }
/>
`;
