// Jest Snapshot v1, https://goo.gl/fbAQLP

exports[`SelectBoxNormal should match with the snapshot 1`] = `
<View
  accessibilityLabel="com.usereserva:id/select_box_price_normal"
  accessible={true}
  focusable={true}
  onClick={[Function]}
  onResponderGrant={[Function]}
  onResponderMove={[Function]}
  onResponderRelease={[Function]}
  onResponderTerminate={[Function]}
  onResponderTerminationRequest={[Function]}
  onStartShouldSetResponder={[Function]}
  style={
    Object {
      "marginHorizontal": 16,
      "marginVertical": 12,
      "opacity": 1,
    }
  }
  testID="com.usereserva:id/select_box_price_normal"
>
  <View
    style={
      Object {
        "alignItems": "center",
        "borderColor": "#8D8D8D",
        "borderWidth": 1,
        "flexDirection": "row",
        "justifyContent": "space-between",
        "paddingHorizontal": 16,
      }
    }
  >
    <View
      style={
        Object {
          "alignItems": "center",
          "borderColor": "#000000",
          "borderRadius": 11,
          "borderWidth": 1,
          "height": 22,
          "justifyContent": "center",
          "padding": 3,
          "width": 22,
        }
      }
    />
    <View
      style={
        Object {
          "alignItems": "center",
          "justifyContent": "flex-end",
          "paddingVertical": 10,
        }
      }
    >
      <Text
        fontFamily="reservaSansRegular"
        style={
          Array [
            Object {
              "fontFamily": "ReservaSans-Regular",
            },
            Object {
              "color": "#8D8D8D",
              "fontSize": 18,
              "fontWeight": "400",
            },
          ]
        }
      >
        Pre√ßo Normal
      </Text>
      <View
        style={
          Object {
            "alignItems": "baseline",
            "flexDirection": "row",
            "justifyContent": "flex-start",
            "marginTop": 4,
          }
        }
      >
        <Text
          fontFamily="reservaSansRegular"
          style={
            Array [
              Object {
                "fontFamily": "ReservaSans-Regular",
              },
              Object {
                "color": "#8D8D8D",
                "fontSize": 18,
                "fontWeight": "400",
              },
            ]
          }
        >
          4
          x
           
        </Text>
        <Text
          fontFamily="reservaSansRegular"
          style={
            Array [
              Object {
                "fontFamily": "ReservaSans-Regular",
              },
              Object {
                "color": "#8D8D8D",
                "fontSize": 24,
                "fontWeight": "700",
              },
            ]
          }
        >
          R$
           
          64,
        </Text>
        <Text
          fontFamily="reservaSansRegular"
          style={
            Array [
              Object {
                "fontFamily": "ReservaSans-Regular",
              },
              Object {
                "color": "#8D8D8D",
                "fontWeight": "700",
              },
            ]
          }
        >
          50
        </Text>
      </View>
    </View>
    <View
      style={
        Object {
          "alignSelf": "center",
          "backgroundColor": "#8D8D8D",
          "height": 30,
          "marginTop": 30,
          "width": 1,
        }
      }
    />
    <View
      style={
        Object {
          "alignItems": "center",
          "justifyContent": "flex-end",
          "paddingVertical": 10,
        }
      }
    >
      <View
        style={
          Array [
            Object {
              "alignItems": "baseline",
              "flexDirection": "row",
              "justifyContent": "flex-start",
              "marginTop": 4,
            },
            Object {
              "marginRight": 50,
              "marginTop": 24,
            },
          ]
        }
      >
        <Text
          fontFamily="reservaSansRegular"
          style={
            Array [
              Object {
                "fontFamily": "ReservaSans-Regular",
              },
              Object {
                "color": "#8D8D8D",
                "fontSize": 24,
                "fontWeight": "700",
              },
              Object {
                "color": "#000000",
              },
            ]
          }
        >
          R$
           
          149,
        </Text>
        <Text
          fontFamily="reservaSansRegular"
          fontWeight="bold"
          style={
            Array [
              Object {
                "fontFamily": "ReservaSans-Regular",
                "fontWeight": "700",
              },
              Object {
                "color": "#000000",
              },
            ]
          }
        >
          90
        </Text>
      </View>
    </View>
  </View>
</View>
`;
