// Jest Snapshot v1, https://goo.gl/fbAQLP

exports[`PrimeSubscribe should render properly and match with snapshot 1`] = `
<View
  accessibilityLabel="com.usereserva:id/prime_subscribe_component"
  testID="com.usereserva:id/prime_subscribe_component"
>
  <View
    style={
      Object {
        "alignItems": "center",
        "justifyContent": "center",
        "paddingHorizontal": 32,
        "paddingTop": 32,
      }
    }
  >
    <Text
      style={
        Array [
          Object {
            "fontFamily": "ReservaSerif-Bold",
            "fontSize": 15,
          },
          Object {
            "fontSize": 20,
            "lineHeight": 26,
            "marginBottom": 24,
          },
        ]
      }
      variant="descontoTag2"
    >
      Assine Agora!
    </Text>
    <Text
      style={
        Array [
          Object {
            "fontFamily": "Nunito-Regular",
            "fontSize": 15,
          },
          Object {
            "color": "#848484",
            "fontSize": 16,
            "lineHeight": 20,
            "marginBottom": 20,
            "textAlign": "center",
          },
        ]
      }
      variant="tituloSessao"
    >
      Ganhe 20% OFF* em todos os produtos da Reserva. Tudo isso por
      <Text
        style={
          Array [
            Object {
              "fontFamily": "Nunito-Bold",
              "fontSize": 14,
            },
            Object {
              "color": "#000000",
              "fontSize": 16,
            },
          ]
        }
        variant="precoPromocional2"
      >
         12x de R$ 25/Mês.
      </Text>
    </Text>
  </View>
  <View
    accessibilityIgnoresInvertColors={true}
    style={
      Object {
        "alignItems": "center",
        "justifyContent": "center",
        "marginTop": -18,
        "paddingHorizontal": 32,
        "paddingTop": 400,
        "width": 750,
      }
    }
  >
    <Image
      resizeMode="contain"
      source={
        Object {
          "commons": Object {
            "GuideBermuda": [Circular],
            "GuideCalca": [Circular],
            "GuideCamiseta": [Circular],
            "GuideHoodie": [Circular],
            "GuideJaqueta": [Circular],
            "GuideMangaCurta": [Circular],
            "GuideMangaLonga": [Circular],
            "GuidePolo": [Circular],
            "GuideShort": [Circular],
            "GuideSueter": [Circular],
            "GuideSungaCueca": [Circular],
            "QrcodeBackground": [Circular],
            "americanExpress": [Circular],
            "arrowInstruction": [Circular],
            "bagEmpty": [Circular],
            "bannerCatalog": [Circular],
            "bannerLogin": [Circular],
            "bannerOffer": [Circular],
            "cardFront": [Circular],
            "cardVerso": [Circular],
            "clothingCare1": [Circular],
            "clothingCareBleach": [Circular],
            "clothingCareDrying": [Circular],
            "clothingCarePass": [Circular],
            "clothingCareProfessionalWashing": [Circular],
            "clothingCareWash": [Circular],
            "cupomModalBackground": [Circular],
            "dividerReserva": [Circular],
            "elo": [Circular],
            "emptyProductCatalog": [Circular],
            "facebook": [Circular],
            "foraDoAr": [Circular],
            "headerLogin": [Circular],
            "homeMock1": [Circular],
            "homeMock2": [Circular],
            "homeMock3": [Circular],
            "homeMock4": [Circular],
            "imageCashback": [Circular],
            "imageNotFound": [Circular],
            "instagram": [Circular],
            "localReserva": [Circular],
            "logoQRCode": [Circular],
            "mastercard": [Circular],
            "noStoresFound": [Circular],
            "noWishList": [Circular],
            "pinYou": [Circular],
            "purchaseConfirmation": [Circular],
            "raceImageBackground": [Circular],
            "saleOff": [Circular],
            "searchNotFound": [Circular],
            "selectRectangle": [Circular],
            "shirt1": [Circular],
            "shirt2": [Circular],
            "shirt3": [Circular],
            "shirt4": [Circular],
            "topBannerMock1": [Circular],
            "twitter": [Circular],
            "update": [Circular],
            "visa": [Circular],
            "whatsapp": [Circular],
            "withoutInternet": [Circular],
            "zoomHand": [Circular],
          },
          "default": Object {
            "GuideBermuda": [Circular],
            "GuideCalca": [Circular],
            "GuideCamiseta": [Circular],
            "GuideHoodie": [Circular],
            "GuideJaqueta": [Circular],
            "GuideMangaCurta": [Circular],
            "GuideMangaLonga": [Circular],
            "GuidePolo": [Circular],
            "GuideShort": [Circular],
            "GuideSueter": [Circular],
            "GuideSungaCueca": [Circular],
            "QrcodeBackground": [Circular],
            "americanExpress": [Circular],
            "arrowInstruction": [Circular],
            "bagEmpty": [Circular],
            "bannerCatalog": [Circular],
            "bannerLogin": [Circular],
            "bannerOffer": [Circular],
            "cardFront": [Circular],
            "cardVerso": [Circular],
            "chevronRight": [Function],
            "clothingCare1": [Circular],
            "clothingCareBleach": [Circular],
            "clothingCareDrying": [Circular],
            "clothingCarePass": [Circular],
            "clothingCareProfessionalWashing": [Circular],
            "clothingCareWash": [Circular],
            "cupomModalBackground": [Circular],
            "dividerReserva": [Circular],
            "elo": [Circular],
            "emptyProductCatalog": [Circular],
            "facebook": [Circular],
            "foraDoAr": [Circular],
            "headerLogin": [Circular],
            "homeMock1": [Circular],
            "homeMock2": [Circular],
            "homeMock3": [Circular],
            "homeMock4": [Circular],
            "imageCashback": [Circular],
            "imageNotFound": [Circular],
            "instagram": [Circular],
            "localReserva": [Circular],
            "logoPrime": [Function],
            "logoQRCode": [Circular],
            "mastercard": [Circular],
            "noStoresFound": [Circular],
            "noWishList": [Circular],
            "pinYou": [Circular],
            "purchaseConfirmation": [Circular],
            "raceImageBackground": [Circular],
            "saleOff": [Circular],
            "searchNotFound": [Circular],
            "selectRectangle": [Circular],
            "shirt1": [Circular],
            "shirt2": [Circular],
            "shirt3": [Circular],
            "shirt4": [Circular],
            "topBannerMock1": [Circular],
            "twitter": [Circular],
            "update": [Circular],
            "visa": [Circular],
            "whatsapp": [Circular],
            "withoutInternet": [Circular],
            "zoomHand": [Circular],
          },
          "svgs": Object {
            "chevronRight": [Function],
            "logoPrime": [Function],
          },
        }
      }
      style={
        Array [
          Object {
            "bottom": 0,
            "left": 0,
            "position": "absolute",
            "right": 0,
            "top": 0,
          },
          Object {
            "height": undefined,
            "width": 750,
          },
          undefined,
        ]
      }
    />
    <Text
      style={
        Array [
          Object {},
          Object {
            "color": "#848484",
            "fontSize": 10,
            "lineHeight": 14,
            "marginBottom": 24,
            "textAlign": "center",
            "top": 18,
          },
        ]
      }
    >
      *Exceto para parcerias, assinaturas, livros, drinks e máscaras. Desconto não cumulativo com outras promoções.
    </Text>
  </View>
  <View
    accessibilityLabel="com.usereserva:id/prime_lp_bottom_button_add"
    accessible={true}
    focusable={true}
    onClick={[Function]}
    onResponderGrant={[Function]}
    onResponderMove={[Function]}
    onResponderRelease={[Function]}
    onResponderTerminate={[Function]}
    onResponderTerminationRequest={[Function]}
    onStartShouldSetResponder={[Function]}
    style={
      Object {
        "alignItems": "center",
        "alignSelf": "center",
        "backgroundColor": "#000000",
        "height": 102.61538461538461,
        "justifyContent": "center",
        "marginTop": 24,
        "opacity": 1,
        "width": 535.7142857142858,
      }
    }
    testID="com.usereserva:id/prime_lp_bottom_button_add"
  >
    <Text
      style={
        Array [
          Object {},
          Object {
            "color": "#ffffff",
            "fontSize": 12,
            "fontWeight": "700",
            "letterSpacing": 0.5,
            "lineHeight": 14,
            "textTransform": "uppercase",
          },
        ]
      }
    >
      Quero ser Prime
    </Text>
  </View>
</View>
`;
